
> plan.io@0.1.0 test
> react-scripts test --coverage --silent --bail=0

npm : ΓùÅ Validation Error:
At line:1 char:1
+ npm test -- --coverage --silent --bail=0 > test-results.txt 2>&1
+ ~~~~~~~~~~~~~~~~~~~~~~~~~~~~~~~~~~~~~~~~~~~~~~~~~~~~~~~~~~~~~~~~
    + CategoryInfo          : NotSpecified: (ΓùÅ Validation Error::String) [], RemoteException
    + FullyQualifiedErrorId : NativeCommandError
 

  Directory C:\Users\kpedd\Documents\GitHub\plan.io\src in the roots[0] option was not found.

  Configuration Documentation:
  https://jestjs.io/docs/configuration

